<?xml version="1.0" encoding="utf-8"?><testsuites><testsuite name="pytest" errors="0" failures="0" skipped="0" tests="3" time="0.033" timestamp="2025-10-06T14:28:21.988034" hostname="JL4LRXG36G.local"><testcase classname="tests.test_calculator" name="test_add" file="tests/test_calculator.py" line="2" time="0.001" /><testcase classname="tests.test_calculator" name="test_subtract" file="tests/test_calculator.py" line="6" time="0.001" /><testcase classname="tests.test_calculator" name="test_multiply" file="tests/test_calculator.py" line="10" time="0.001" /></testsuite></testsuites>